

================================================================
== Vitis HLS Report for 'top'
================================================================
* Date:           Sun Jul 10 13:00:28 2022

* Version:        2021.2 (Build 3367213 on Tue Oct 19 02:47:39 MDT 2021)
* Project:        mmm_example
* Solution:       solution1 (Vivado IP Flow Target)
* Product family: zynquplus
* Target device:  xczu7ev-ffvc1156-2-e


================================================================
== Performance Estimates
================================================================
+ Timing: 
    * Summary: 
    +--------+---------+----------+------------+
    |  Clock |  Target | Estimated| Uncertainty|
    +--------+---------+----------+------------+
    |ap_clk  |  5.00 ns|  3.454 ns|     1.35 ns|
    +--------+---------+----------+------------+

+ Latency: 
    * Summary: 
    +-----------+-----------+-----------+-----------+-----------+-----------+---------+
    |    Latency (cycles)   |   Latency (absolute)  |        Interval       | Pipeline|
    |    min    |    max    |    min    |    max    |    min    |    max    |   Type  |
    +-----------+-----------+-----------+-----------+-----------+-----------+---------+
    |  427425803|  427425803|  2.137 sec|  2.137 sec|  427425804|  427425804|       no|
    +-----------+-----------+-----------+-----------+-----------+-----------+---------+

    + Detail: 
        * Instance: 
        +----------------------+------------+-----------+-----------+-----------+-----------+-----------+-----------+---------+
        |                      |            |    Latency (cycles)   |   Latency (absolute)  |        Interval       | Pipeline|
        |       Instance       |   Module   |    min    |    max    |    min    |    max    |    min    |    max    |   Type  |
        +----------------------+------------+-----------+-----------+-----------+-----------+-----------+-----------+---------+
        |grp_mmm_basic_fu_30   |mmm_basic   |  135004161|  135004161|  0.675 sec|  0.675 sec|  135004161|  135004161|       no|
        |grp_mmm_accum2_fu_40  |mmm_accum2  |  144769025|  144769025|  0.724 sec|  0.724 sec|  144769025|  144769025|       no|
        |grp_mmm_accum_fu_50   |mmm_accum   |  135528449|  135528449|  0.678 sec|  0.678 sec|  135528449|  135528449|       no|
        |grp_mmm_voodoo_fu_60  |mmm_voodoo  |   12124161|   12124161|  60.621 ms|  60.621 ms|   12124161|   12124161|       no|
        +----------------------+------------+-----------+-----------+-----------+-----------+-----------+-----------+---------+

        * Loop: 
        N/A



================================================================
== Utilization Estimates
================================================================
* Summary: 
+-----------------+---------+------+--------+--------+-----+
|       Name      | BRAM_18K|  DSP |   FF   |   LUT  | URAM|
+-----------------+---------+------+--------+--------+-----+
|DSP              |        -|     -|       -|       -|    -|
|Expression       |        -|     -|       -|       -|    -|
|FIFO             |        -|     -|       -|       -|    -|
|Instance         |        0|    10|    3129|    3189|    0|
|Memory           |        -|     -|       -|       -|    -|
|Multiplexer      |        -|     -|       -|     413|    -|
|Register         |        -|     -|      12|       -|    -|
+-----------------+---------+------+--------+--------+-----+
|Total            |        0|    10|    3141|    3602|    0|
+-----------------+---------+------+--------+--------+-----+
|Available        |      624|  1728|  460800|  230400|   96|
+-----------------+---------+------+--------+--------+-----+
|Utilization (%)  |        0|    ~0|      ~0|       1|    0|
+-----------------+---------+------+--------+--------+-----+

+ Detail: 
    * Instance: 
    +------------------------------------+--------------------------------+---------+----+------+------+-----+
    |              Instance              |             Module             | BRAM_18K| DSP|  FF  |  LUT | URAM|
    +------------------------------------+--------------------------------+---------+----+------+------+-----+
    |fadd_32ns_32ns_32_8_full_dsp_1_U64  |fadd_32ns_32ns_32_8_full_dsp_1  |        0|   2|   296|   239|    0|
    |fmul_32ns_32ns_32_5_max_dsp_1_U65   |fmul_32ns_32ns_32_5_max_dsp_1   |        0|   3|   151|   145|    0|
    |grp_mmm_accum_fu_50                 |mmm_accum                       |        0|   0|   400|   508|    0|
    |grp_mmm_accum2_fu_40                |mmm_accum2                      |        0|   0|   675|   821|    0|
    |grp_mmm_basic_fu_30                 |mmm_basic                       |        0|   0|   360|   441|    0|
    |grp_mmm_voodoo_fu_60                |mmm_voodoo                      |        0|   5|  1247|  1035|    0|
    +------------------------------------+--------------------------------+---------+----+------+------+-----+
    |Total                               |                                |        0|  10|  3129|  3189|    0|
    +------------------------------------+--------------------------------+---------+----+------+------+-----+

    * DSP: 
    N/A

    * Memory: 
    N/A

    * FIFO: 
    N/A

    * Expression: 
    N/A

    * Multiplexer: 
    +--------------+----+-----------+-----+-----------+
    |     Name     | LUT| Input Size| Bits| Total Bits|
    +--------------+----+-----------+-----+-----------+
    |A_address0    |  26|          5|   15|         75|
    |A_ce0         |  26|          5|    1|          5|
    |B_address0    |  26|          5|   15|         75|
    |B_ce0         |  26|          5|    1|          5|
    |C_address0    |  26|          5|   16|         80|
    |C_ce0         |  26|          5|    1|          5|
    |C_d0          |  26|          5|   32|        160|
    |C_we0         |  26|          5|    1|          5|
    |ap_NS_fsm     |  49|          9|    1|          9|
    |grp_fu_70_ce  |  26|          5|    1|          5|
    |grp_fu_70_p0  |  26|          5|   32|        160|
    |grp_fu_70_p1  |  26|          5|   32|        160|
    |grp_fu_74_ce  |  26|          5|    1|          5|
    |grp_fu_74_p0  |  26|          5|   32|        160|
    |grp_fu_74_p1  |  26|          5|   32|        160|
    +--------------+----+-----------+-----+-----------+
    |Total         | 413|         79|  213|       1069|
    +--------------+----+-----------+-----+-----------+

    * Register: 
    +-----------------------------------+---+----+-----+-----------+
    |                Name               | FF| LUT| Bits| Const Bits|
    +-----------------------------------+---+----+-----+-----------+
    |ap_CS_fsm                          |  8|   0|    8|          0|
    |grp_mmm_accum2_fu_40_ap_start_reg  |  1|   0|    1|          0|
    |grp_mmm_accum_fu_50_ap_start_reg   |  1|   0|    1|          0|
    |grp_mmm_basic_fu_30_ap_start_reg   |  1|   0|    1|          0|
    |grp_mmm_voodoo_fu_60_ap_start_reg  |  1|   0|    1|          0|
    +-----------------------------------+---+----+-----+-----------+
    |Total                              | 12|   0|   12|          0|
    +-----------------------------------+---+----+-----+-----------+



================================================================
== Interface
================================================================
* Summary: 
+-------------------+-----+-----+------------+--------------+--------------+
|     RTL Ports     | Dir | Bits|  Protocol  | Source Object|    C Type    |
+-------------------+-----+-----+------------+--------------+--------------+
|ap_local_block     |  out|    1|  ap_ctrl_hs|           top|  return value|
|ap_local_deadlock  |  out|    1|  ap_ctrl_hs|           top|  return value|
|ap_clk             |   in|    1|  ap_ctrl_hs|           top|  return value|
|ap_rst             |   in|    1|  ap_ctrl_hs|           top|  return value|
|ap_start           |   in|    1|  ap_ctrl_hs|           top|  return value|
|ap_done            |  out|    1|  ap_ctrl_hs|           top|  return value|
|ap_idle            |  out|    1|  ap_ctrl_hs|           top|  return value|
|ap_ready           |  out|    1|  ap_ctrl_hs|           top|  return value|
|C_address0         |  out|   16|   ap_memory|             C|         array|
|C_ce0              |  out|    1|   ap_memory|             C|         array|
|C_we0              |  out|    1|   ap_memory|             C|         array|
|C_d0               |  out|   32|   ap_memory|             C|         array|
|A_address0         |  out|   15|   ap_memory|             A|         array|
|A_ce0              |  out|    1|   ap_memory|             A|         array|
|A_q0               |   in|   64|   ap_memory|             A|         array|
|B_address0         |  out|   15|   ap_memory|             B|         array|
|B_ce0              |  out|    1|   ap_memory|             B|         array|
|B_q0               |   in|   64|   ap_memory|             B|         array|
+-------------------+-----+-----+------------+--------------+--------------+

