

================================================================
== Vitis HLS Report for 'mmm_accum2_Pipeline_ak'
================================================================
* Date:           Sun Jul 10 13:00:26 2022

* Version:        2021.2 (Build 3367213 on Tue Oct 19 02:47:39 MDT 2021)
* Project:        mmm_example
* Solution:       solution1 (Vivado IP Flow Target)
* Product family: zynquplus
* Target device:  xczu7ev-ffvc1156-2-e


================================================================
== Performance Estimates
================================================================
+ Timing: 
    * Summary: 
    +--------+---------+----------+------------+
    |  Clock |  Target | Estimated| Uncertainty|
    +--------+---------+----------+------------+
    |ap_clk  |  5.00 ns|  3.454 ns|     1.35 ns|
    +--------+---------+----------+------------+

+ Latency: 
    * Summary: 
    +---------+---------+-----------+-----------+------+------+---------+
    |  Latency (cycles) |   Latency (absolute)  |   Interval  | Pipeline|
    |   min   |   max   |    min    |    max    |  min |  max |   Type  |
    +---------+---------+-----------+-----------+------+------+---------+
    |     2184|     2184|  10.920 us|  10.920 us|  2184|  2184|       no|
    +---------+---------+-----------+-----------+------+------+---------+

    + Detail: 
        * Instance: 
        N/A

        * Loop: 
        +----------+---------+---------+----------+-----------+-----------+------+----------+
        |          |  Latency (cycles) | Iteration|  Initiation Interval  | Trip |          |
        | Loop Name|   min   |   max   |  Latency |  achieved |   target  | Count| Pipelined|
        +----------+---------+---------+----------+-----------+-----------+------+----------+
        |- ak      |     2182|     2182|        24|         17|          1|   128|       yes|
        +----------+---------+---------+----------+-----------+-----------+------+----------+



================================================================
== Utilization Estimates
================================================================
* Summary: 
+-----------------+---------+------+--------+--------+-----+
|       Name      | BRAM_18K|  DSP |   FF   |   LUT  | URAM|
+-----------------+---------+------+--------+--------+-----+
|DSP              |        -|     -|       -|       -|    -|
|Expression       |        -|     -|       0|     136|    -|
|FIFO             |        -|     -|       -|       -|    -|
|Instance         |        -|     -|       -|       -|    -|
|Memory           |        -|     -|       -|       -|    -|
|Multiplexer      |        -|     -|       -|     235|    -|
|Register         |        -|     -|     416|       -|    -|
+-----------------+---------+------+--------+--------+-----+
|Total            |        0|     0|     416|     371|    0|
+-----------------+---------+------+--------+--------+-----+
|Available        |      624|  1728|  460800|  230400|   96|
+-----------------+---------+------+--------+--------+-----+
|Utilization (%)  |        0|     0|      ~0|      ~0|    0|
+-----------------+---------+------+--------+--------+-----+

+ Detail: 
    * Instance: 
    N/A

    * DSP: 
    N/A

    * Memory: 
    N/A

    * FIFO: 
    N/A

    * Expression: 
    +-----------------------+----------+----+---+----+------------+------------+
    |     Variable Name     | Operation| DSP| FF| LUT| Bitwidth P0| Bitwidth P1|
    +-----------------------+----------+----+---+----+------------+------------+
    |add_ln73_fu_265_p2     |         +|   0|  0|  16|           9|           2|
    |add_ln75_fu_246_p2     |         +|   0|  0|  22|          15|          15|
    |accum_1_5_fu_333_p3    |    select|   0|  0|  32|           1|          32|
    |accum_1_6_fu_339_p3    |    select|   0|  0|  32|           1|          32|
    |select_ln75_fu_326_p3  |    select|   0|  0|  32|           1|          32|
    |ap_enable_pp0          |       xor|   0|  0|   2|           1|           2|
    +-----------------------+----------+----+---+----+------------+------------+
    |Total                  |          |   0|  0| 136|          28|         115|
    +-----------------------+----------+----+---+----+------------+------------+

    * Multiplexer: 
    +-----------------------------------+----+-----------+-----+-----------+
    |                Name               | LUT| Input Size| Bits| Total Bits|
    +-----------------------------------+----+-----------+-----+-----------+
    |accum_1_3_fu_86                    |   9|          2|   32|         64|
    |accum_1_fu_82                      |   9|          2|   32|         64|
    |ap_NS_fsm                          |  89|         18|    1|         18|
    |ap_done_int                        |   9|          2|    1|          2|
    |ap_enable_reg_pp0_iter0            |   9|          2|    1|          2|
    |ap_enable_reg_pp0_iter0_reg        |   9|          2|    1|          2|
    |ap_enable_reg_pp0_iter1            |   9|          2|    1|          2|
    |ap_sig_allocacmp_accum_1_3_load_1  |   9|          2|   32|         64|
    |ap_sig_allocacmp_accum_1_load_1    |   9|          2|   32|         64|
    |ap_sig_allocacmp_k_4               |   9|          2|    9|         18|
    |grp_fu_160_p0                      |  14|          3|   32|         96|
    |grp_fu_160_p1                      |  14|          3|   32|         96|
    |grp_fu_164_p0                      |  14|          3|   32|         96|
    |grp_fu_164_p1                      |  14|          3|   32|         96|
    |k_fu_78                            |   9|          2|    9|         18|
    +-----------------------------------+----+-----------+-----+-----------+
    |Total                              | 235|         50|  279|        702|
    +-----------------------------------+----+-----------+-----+-----------+

    * Register: 
    +-----------------------------+----+----+-----+-----------+
    |             Name            | FF | LUT| Bits| Const Bits|
    +-----------------------------+----+----+-----+-----------+
    |accum_1_3_fu_86              |  32|   0|   32|          0|
    |accum_1_3_load_1_reg_452     |  32|   0|   32|          0|
    |accum_1_fu_82                |  32|   0|   32|          0|
    |accum_1_load_1_reg_447       |  32|   0|   32|          0|
    |ap_CS_fsm                    |  17|   0|   17|          0|
    |ap_done_reg                  |   1|   0|    1|          0|
    |ap_enable_reg_pp0_iter0_reg  |   1|   0|    1|          0|
    |ap_enable_reg_pp0_iter1      |   1|   0|    1|          0|
    |k_fu_78                      |   9|   0|    9|          0|
    |mul_1_reg_467                |  32|   0|   32|          0|
    |mul_reg_457                  |  32|   0|   32|          0|
    |reg_168                      |  32|   0|   32|          0|
    |select_ln75_reg_462          |  32|   0|   32|          0|
    |tmp_2_reg_400                |   1|   0|    1|          0|
    |tmp_2_reg_400_pp0_iter1_reg  |   1|   0|    1|          0|
    |tmp_8_reg_417                |  32|   0|   32|          0|
    |tmp_9_reg_422                |  32|   0|   32|          0|
    |tmp_reg_386                  |   1|   0|    1|          0|
    |trunc_ln75_2_reg_412         |  32|   0|   32|          0|
    |trunc_ln75_reg_407           |  32|   0|   32|          0|
    +-----------------------------+----+----+-----+-----------+
    |Total                        | 416|   0|  416|          0|
    +-----------------------------+----+----+-----+-----------+



================================================================
== Interface
================================================================
* Summary: 
+----------------------+-----+-----+------------+------------------------+--------------+
|       RTL Ports      | Dir | Bits|  Protocol  |      Source Object     |    C Type    |
+----------------------+-----+-----+------------+------------------------+--------------+
|ap_clk                |   in|    1|  ap_ctrl_hs|  mmm_accum2_Pipeline_ak|  return value|
|ap_rst                |   in|    1|  ap_ctrl_hs|  mmm_accum2_Pipeline_ak|  return value|
|ap_start              |   in|    1|  ap_ctrl_hs|  mmm_accum2_Pipeline_ak|  return value|
|ap_done               |  out|    1|  ap_ctrl_hs|  mmm_accum2_Pipeline_ak|  return value|
|ap_idle               |  out|    1|  ap_ctrl_hs|  mmm_accum2_Pipeline_ak|  return value|
|ap_ready              |  out|    1|  ap_ctrl_hs|  mmm_accum2_Pipeline_ak|  return value|
|grp_fu_126_p_din0     |  out|   32|  ap_ctrl_hs|  mmm_accum2_Pipeline_ak|  return value|
|grp_fu_126_p_din1     |  out|   32|  ap_ctrl_hs|  mmm_accum2_Pipeline_ak|  return value|
|grp_fu_126_p_opcode   |  out|    2|  ap_ctrl_hs|  mmm_accum2_Pipeline_ak|  return value|
|grp_fu_126_p_dout0    |   in|   32|  ap_ctrl_hs|  mmm_accum2_Pipeline_ak|  return value|
|grp_fu_126_p_ce       |  out|    1|  ap_ctrl_hs|  mmm_accum2_Pipeline_ak|  return value|
|grp_fu_391_p_din0     |  out|   32|  ap_ctrl_hs|  mmm_accum2_Pipeline_ak|  return value|
|grp_fu_391_p_din1     |  out|   32|  ap_ctrl_hs|  mmm_accum2_Pipeline_ak|  return value|
|grp_fu_391_p_dout0    |   in|   32|  ap_ctrl_hs|  mmm_accum2_Pipeline_ak|  return value|
|grp_fu_391_p_ce       |  out|    1|  ap_ctrl_hs|  mmm_accum2_Pipeline_ak|  return value|
|accum_1_2_reload      |   in|   32|     ap_none|        accum_1_2_reload|        scalar|
|accum_0_2_reload      |   in|   32|     ap_none|        accum_0_2_reload|        scalar|
|select_ln68_1         |   in|    9|     ap_none|           select_ln68_1|        scalar|
|trunc_ln75_1          |   in|    1|     ap_none|            trunc_ln75_1|        scalar|
|A_address0            |  out|   15|   ap_memory|                       A|         array|
|A_ce0                 |  out|    1|   ap_memory|                       A|         array|
|A_q0                  |   in|   64|   ap_memory|                       A|         array|
|zext_ln69             |   in|    9|     ap_none|               zext_ln69|        scalar|
|B_address0            |  out|   15|   ap_memory|                       B|         array|
|B_ce0                 |  out|    1|   ap_memory|                       B|         array|
|B_q0                  |   in|   64|   ap_memory|                       B|         array|
|accum_1_4_out         |  out|   32|      ap_vld|           accum_1_4_out|       pointer|
|accum_1_4_out_ap_vld  |  out|    1|      ap_vld|           accum_1_4_out|       pointer|
|accum_0_4_out         |  out|   32|      ap_vld|           accum_0_4_out|       pointer|
|accum_0_4_out_ap_vld  |  out|    1|      ap_vld|           accum_0_4_out|       pointer|
+----------------------+-----+-----+------------+------------------------+--------------+

